'Finished building: ../src/UseGPIO.c'
' '
'Building file: ../src/platform.c'
'Invoking: ARM v7 gcc compiler'
arm-none-eabi-gcc -Wall -O0 -g3 -c -fmessage-length=0 -MT"src/platform.o" -mcpu=cortex-a9 -mfpu=vfpv3 -mfloat-abi=hard -I../../SendSignalOnPin3And4_bsp/ps7_cortexa9_0/include -MMD -MP -MF"src/platform.d" -MT"src/platform.o" -o "src/platform.o" "../src/platform.c"
'Finished building: ../src/platform.c'
' '
'Building target: SendSignalOnPin3And4.elf'
'Invoking: ARM v7 gcc linker'
arm-none-eabi-gcc -mcpu=cortex-a9 -mfpu=vfpv3 -mfloat-abi=hard -Wl,-build-id=none -specs=Xilinx.spec -Wl,-T -Wl,../src/lscript.ld -L../../SendSignalOnPin3And4_bsp/ps7_cortexa9_0/lib -o "SendSignalOnPin3And4.elf"  ./src/UseGPIO.o ./src/platform.o   -Wl,--start-group,-lxil,-lgcc,-lc,--end-group
'Finished building target: SendSignalOnPin3And4.elf'
' '
'Invoking: ARM v7 Print Size'
arm-none-eabi-size SendSignalOnPin3And4.elf  |tee "SendSignalOnPin3And4.elf.size"
   text	   data	    bss	    dec	    hex	filename
  23872	   1168	  22596	  47636	   ba14	SendSignalOnPin3And4.elf
'Finished building: SendSignalOnPin3And4.elf.size'
' '
21:52:23 **** Incremental Build of configuration Debug for project SendSignalOnPin3And4 ****
make pre-build main-build 
a9-linaro-pre-build-step
' '
make: Цель `main-build' не требует выполнения команд.
